// Jest Snapshot v1, https://goo.gl/fbAQLP

exports[`Card atom should render correctly 1`] = `
<div
  className="MuiPaper-root MuiPaper-elevation1 MuiCard-root Card-cardRoot-1 MuiPaper-rounded"
>
  Card content goes here
</div>
`;
