// Jest Snapshot v1, https://goo.gl/fbAQLP

exports[`<GridContainer/> renders correctly with empty props 1`] = `
<div
  className="MuiGrid-root GridContainer-grid-1 MuiGrid-container"
>
  My content goes here
</div>
`;
