// Jest Snapshot v1, https://goo.gl/fbAQLP

exports[`<GridItem/> renders correctly with empty props 1`] = `
<div
  className="MuiGrid-root GridItem-grid-1 MuiGrid-item"
>
  My content goes here
</div>
`;
